<html>
<body>
<pre>
<h1>µVision Build Log</h1>
<h2>Project:</h2>
C:\Users\duyhung\Downloads\NOKIA_5110_Soft\Project\KeilC\NOKIA_5110.uvproj
Project File Date:  02/12/2018

<h2>Output:</h2>
Rebuild target 'NOKIA_5110'
compiling reprintf.c...
compiling nokia_5110.c...
compiling hinh_anh.c...
compiling main.c...
compiling stm32f10x_it.c...
compiling misc.c...
compiling stm32f10x_gpio.c...
compiling stm32f10x_usart.c...
compiling stm32f10x_rcc.c...
compiling core_cm3.c...
compiling system_stm32f10x.c...
assembling startup_stm32f10x_hd.s...
linking...
Program Size: Code=5806 RO-data=818 RW-data=1556 ZI-data=1060  
FromELF: creating hex file...
"..\Output\Obj\NOKIA_5110.axf" - 0 Error(s), 0 Warning(s).
